// Jest Snapshot v1, https://goo.gl/fbAQLP

exports[`<ExportScreen /> should render 1`] = `
ShallowWrapper {
  "complexSelector": ComplexSelector {
    "buildPredicate": [Function],
    "childrenOfNode": [Function],
    "findWhereUnwrapped": [Function],
  },
  "length": 1,
  "node": <div
    className="screen"
>
    <div
        className="screen__heading"
    >
        <h1
            className="screen__heading-title"
        >
            Network Canvas
        </h1>
        <h2
            className="screen__heading-subtitle"
        >
            Exporter
        </h2>
    </div>
    <div
        className="screen__main"
    >
        <NarrativePanel
            title="Presets"
        >
            Some options go here...
        </NarrativePanel>
        <NarrativePanel
            title="Advanced options"
        >
            Some options go here...
        </NarrativePanel>
        <button>
            Export
        </button>
    </div>
</div>,
  "nodes": Array [
    <div
      className="screen"
>
      <div
            className="screen__heading"
      >
            <h1
                  className="screen__heading-title"
            >
                  Network Canvas
            </h1>
            <h2
                  className="screen__heading-subtitle"
            >
                  Exporter
            </h2>
      </div>
      <div
            className="screen__main"
      >
            <NarrativePanel
                  title="Presets"
            >
                  Some options go here...
            </NarrativePanel>
            <NarrativePanel
                  title="Advanced options"
            >
                  Some options go here...
            </NarrativePanel>
            <button>
                  Export
            </button>
      </div>
</div>,
  ],
  "options": Object {},
  "renderer": ReactShallowRenderer {
    "_instance": ShallowComponentWrapper {
      "_calledComponentWillUnmount": false,
      "_compositeType": 2,
      "_context": Object {},
      "_currentElement": <ExportScreen />,
      "_debugID": 1,
      "_hostContainerInfo": null,
      "_hostParent": null,
      "_instance": StatelessComponent {
        "_reactInternalInstance": [Circular],
        "context": Object {},
        "props": Object {},
        "refs": Object {},
        "state": null,
        "updater": Object {
          "enqueueCallback": [Function],
          "enqueueCallbackInternal": [Function],
          "enqueueElementInternal": [Function],
          "enqueueForceUpdate": [Function],
          "enqueueReplaceState": [Function],
          "enqueueSetState": [Function],
          "isMounted": [Function],
          "validateCallback": [Function],
        },
      },
      "_mountOrder": 1,
      "_pendingCallbacks": null,
      "_pendingElement": null,
      "_pendingForceUpdate": false,
      "_pendingReplaceState": false,
      "_pendingStateQueue": null,
      "_renderedComponent": NoopInternalComponent {
        "_currentElement": <div
          className="screen"
>
          <div
                    className="screen__heading"
          >
                    <h1
                              className="screen__heading-title"
                    >
                              Network Canvas
                    </h1>
                    <h2
                              className="screen__heading-subtitle"
                    >
                              Exporter
                    </h2>
          </div>
          <div
                    className="screen__main"
          >
                    <NarrativePanel
                              title="Presets"
                    >
                              Some options go here...
                    </NarrativePanel>
                    <NarrativePanel
                              title="Advanced options"
                    >
                              Some options go here...
                    </NarrativePanel>
                    <button>
                              Export
                    </button>
          </div>
</div>,
        "_debugID": 2,
        "_renderedOutput": <div
          className="screen"
>
          <div
                    className="screen__heading"
          >
                    <h1
                              className="screen__heading-title"
                    >
                              Network Canvas
                    </h1>
                    <h2
                              className="screen__heading-subtitle"
                    >
                              Exporter
                    </h2>
          </div>
          <div
                    className="screen__main"
          >
                    <NarrativePanel
                              title="Presets"
                    >
                              Some options go here...
                    </NarrativePanel>
                    <NarrativePanel
                              title="Advanced options"
                    >
                              Some options go here...
                    </NarrativePanel>
                    <button>
                              Export
                    </button>
          </div>
</div>,
      },
      "_renderedNodeType": 0,
      "_rootNodeID": 0,
      "_topLevelWrapper": null,
      "_updateBatchNumber": null,
      "_warnedAboutRefsInRender": false,
    },
    "getRenderOutput": [Function],
    "render": [Function],
  },
  "root": [Circular],
  "unrendered": <ExportScreen />,
}
`;
