exports[`<Tray /> It should render 1`] = `
ShallowWrapper {
  "complexSelector": ComplexSelector {
    "buildPredicate": [Function],
    "childrenOfNode": [Function],
    "findWhereUnwrapped": [Function],
  },
  "length": 1,
  "node": <div
    className="tray">
    <div
        className="tray__menu">
        <MenuItem
            action={[Function]}
            className="tray__menu-item">
            Overview
        </MenuItem>
        <MenuItem
            action={[Function]}
            className="tray__menu-item">
            Export data
        </MenuItem>
        <MenuItem
            action={[Function]}
            className="tray__menu-item">
            Quit
        </MenuItem>
    </div>
</div>,
  "nodes": Array [
    <div
      className="tray">
      <div
            className="tray__menu">
            <MenuItem
                  action={[Function]}
                  className="tray__menu-item">
                  Overview
            </MenuItem>
            <MenuItem
                  action={[Function]}
                  className="tray__menu-item">
                  Export data
            </MenuItem>
            <MenuItem
                  action={[Function]}
                  className="tray__menu-item">
                  Quit
            </MenuItem>
      </div>
</div>,
  ],
  "options": Object {},
  "renderer": ReactShallowRenderer {
    "_instance": ShallowComponentWrapper {
      "_calledComponentWillUnmount": false,
      "_compositeType": 0,
      "_context": Object {},
      "_currentElement": <Tray />,
      "_debugID": 1,
      "_hostContainerInfo": null,
      "_hostParent": null,
      "_instance": Tray {
        "_reactInternalInstance": [Circular],
        "context": Object {},
        "openWindow": [Function],
        "props": Object {},
        "quit": [Function],
        "refs": Object {},
        "state": null,
        "updater": Object {
          "enqueueCallback": [Function],
          "enqueueCallbackInternal": [Function],
          "enqueueElementInternal": [Function],
          "enqueueForceUpdate": [Function],
          "enqueueReplaceState": [Function],
          "enqueueSetState": [Function],
          "isMounted": [Function],
          "validateCallback": [Function],
        },
      },
      "_mountOrder": 1,
      "_pendingCallbacks": null,
      "_pendingElement": null,
      "_pendingForceUpdate": false,
      "_pendingReplaceState": false,
      "_pendingStateQueue": null,
      "_renderedComponent": NoopInternalComponent {
        "_currentElement": <div
          className="tray">
          <div
                    className="tray__menu">
                    <MenuItem
                              action={[Function]}
                              className="tray__menu-item">
                              Overview
                    </MenuItem>
                    <MenuItem
                              action={[Function]}
                              className="tray__menu-item">
                              Export data
                    </MenuItem>
                    <MenuItem
                              action={[Function]}
                              className="tray__menu-item">
                              Quit
                    </MenuItem>
          </div>
</div>,
        "_debugID": 2,
        "_renderedOutput": <div
          className="tray">
          <div
                    className="tray__menu">
                    <MenuItem
                              action={[Function]}
                              className="tray__menu-item">
                              Overview
                    </MenuItem>
                    <MenuItem
                              action={[Function]}
                              className="tray__menu-item">
                              Export data
                    </MenuItem>
                    <MenuItem
                              action={[Function]}
                              className="tray__menu-item">
                              Quit
                    </MenuItem>
          </div>
</div>,
      },
      "_renderedNodeType": 0,
      "_rootNodeID": 0,
      "_topLevelWrapper": null,
      "_updateBatchNumber": null,
      "_warnedAboutRefsInRender": false,
    },
    "getRenderOutput": [Function],
    "render": [Function],
  },
  "root": [Circular],
  "unrendered": <Tray />,
}
`;
