// Jest Snapshot v1, https://goo.gl/fbAQLP

exports[`<FormWizard /> should render 1`] = `
ShallowWrapper {
  "length": 1,
  Symbol(enzyme.__root__): [Circular],
  Symbol(enzyme.__unrendered__): <FormWizard
    nextButton={[Function]}
    onSubmit={[Function]}
    prevButton={[Function]}
    submitButton={[Function]}
>
    <div>
        Slide 1
    </div>
    <div>
        Slide 2
    </div>
</FormWizard>,
  Symbol(enzyme.__renderer__): Object {
    "batchedUpdates": [Function],
    "getNode": [Function],
    "render": [Function],
    "simulateEvent": [Function],
    "unmount": [Function],
  },
  Symbol(enzyme.__node__): Object {
    "instance": null,
    "key": undefined,
    "nodeType": "host",
    "props": Object {
      "children": Array [
        <div>
          Slide 1
</div>,
        <div
          className="form-wizard__controls"
>
          <div
                    className="form-wizard__previous"
          />
          <div
                    className="form-wizard__progress"
          >
                    Step 
                    1
                     of 
                    2
          </div>
          <div
                    className="form-wizard__next"
          >
                    <button
                              onClick={[Function]}
                    >
                              next
                    </button>
          </div>
</div>,
      ],
      "className": "form-wizard",
    },
    "ref": null,
    "rendered": Array [
      Object {
        "instance": null,
        "key": undefined,
        "nodeType": "host",
        "props": Object {
          "children": "Slide 1",
        },
        "ref": null,
        "rendered": "Slide 1",
        "type": "div",
      },
      Object {
        "instance": null,
        "key": undefined,
        "nodeType": "host",
        "props": Object {
          "children": Array [
            <div
              className="form-wizard__previous"
/>,
            <div
              className="form-wizard__progress"
>
              Step 
              1
               of 
              2
</div>,
            <div
              className="form-wizard__next"
>
              <button
                            onClick={[Function]}
              >
                            next
              </button>
</div>,
          ],
          "className": "form-wizard__controls",
        },
        "ref": null,
        "rendered": Array [
          Object {
            "instance": null,
            "key": undefined,
            "nodeType": "host",
            "props": Object {
              "children": false,
              "className": "form-wizard__previous",
            },
            "ref": null,
            "rendered": false,
            "type": "div",
          },
          Object {
            "instance": null,
            "key": undefined,
            "nodeType": "host",
            "props": Object {
              "children": Array [
                "Step ",
                1,
                " of ",
                2,
              ],
              "className": "form-wizard__progress",
            },
            "ref": null,
            "rendered": Array [
              "Step ",
              1,
              " of ",
              2,
            ],
            "type": "div",
          },
          Object {
            "instance": null,
            "key": undefined,
            "nodeType": "host",
            "props": Object {
              "children": <button
                onClick={[Function]}
>
                next
</button>,
              "className": "form-wizard__next",
            },
            "ref": null,
            "rendered": Object {
              "instance": null,
              "key": undefined,
              "nodeType": "host",
              "props": Object {
                "children": "next",
                "onClick": [Function],
              },
              "ref": null,
              "rendered": "next",
              "type": "button",
            },
            "type": "div",
          },
        ],
        "type": "div",
      },
    ],
    "type": "div",
  },
  Symbol(enzyme.__nodes__): Array [
    Object {
      "instance": null,
      "key": undefined,
      "nodeType": "host",
      "props": Object {
        "children": Array [
          <div>
            Slide 1
</div>,
          <div
            className="form-wizard__controls"
>
            <div
                        className="form-wizard__previous"
            />
            <div
                        className="form-wizard__progress"
            >
                        Step 
                        1
                         of 
                        2
            </div>
            <div
                        className="form-wizard__next"
            >
                        <button
                                    onClick={[Function]}
                        >
                                    next
                        </button>
            </div>
</div>,
        ],
        "className": "form-wizard",
      },
      "ref": null,
      "rendered": Array [
        Object {
          "instance": null,
          "key": undefined,
          "nodeType": "host",
          "props": Object {
            "children": "Slide 1",
          },
          "ref": null,
          "rendered": "Slide 1",
          "type": "div",
        },
        Object {
          "instance": null,
          "key": undefined,
          "nodeType": "host",
          "props": Object {
            "children": Array [
              <div
                className="form-wizard__previous"
/>,
              <div
                className="form-wizard__progress"
>
                Step 
                1
                 of 
                2
</div>,
              <div
                className="form-wizard__next"
>
                <button
                                onClick={[Function]}
                >
                                next
                </button>
</div>,
            ],
            "className": "form-wizard__controls",
          },
          "ref": null,
          "rendered": Array [
            Object {
              "instance": null,
              "key": undefined,
              "nodeType": "host",
              "props": Object {
                "children": false,
                "className": "form-wizard__previous",
              },
              "ref": null,
              "rendered": false,
              "type": "div",
            },
            Object {
              "instance": null,
              "key": undefined,
              "nodeType": "host",
              "props": Object {
                "children": Array [
                  "Step ",
                  1,
                  " of ",
                  2,
                ],
                "className": "form-wizard__progress",
              },
              "ref": null,
              "rendered": Array [
                "Step ",
                1,
                " of ",
                2,
              ],
              "type": "div",
            },
            Object {
              "instance": null,
              "key": undefined,
              "nodeType": "host",
              "props": Object {
                "children": <button
                  onClick={[Function]}
>
                  next
</button>,
                "className": "form-wizard__next",
              },
              "ref": null,
              "rendered": Object {
                "instance": null,
                "key": undefined,
                "nodeType": "host",
                "props": Object {
                  "children": "next",
                  "onClick": [Function],
                },
                "ref": null,
                "rendered": "next",
                "type": "button",
              },
              "type": "div",
            },
          ],
          "type": "div",
        },
      ],
      "type": "div",
    },
  ],
  Symbol(enzyme.__options__): Object {
    "adapter": ReactSixteenAdapter {
      "options": Object {
        "enableComponentDidUpdateOnSetState": true,
      },
    },
  },
}
`;
