// Jest Snapshot v1, https://goo.gl/fbAQLP

exports[`<ServerPanel /> should render 1`] = `
ShallowWrapper {
  "complexSelector": ComplexSelector {
    "buildPredicate": [Function],
    "childrenOfNode": [Function],
    "findWhereUnwrapped": [Function],
  },
  "length": 1,
  "node": <ServerPanel
    serverOverview={
        Object {
            "clients": 0,
            "ip": "x.x.x.x",
            "publicKey": "",
            "uptime": 0,
          }
    }
/>,
  "nodes": Array [
    <ServerPanel
      serverOverview={
            Object {
                  "clients": 0,
                  "ip": "x.x.x.x",
                  "publicKey": "",
                  "uptime": 0,
                }
      }
/>,
  ],
  "options": Object {},
  "renderer": ReactShallowRenderer {
    "_instance": ShallowComponentWrapper {
      "_calledComponentWillUnmount": false,
      "_compositeType": 0,
      "_context": Object {},
      "_currentElement": <IPCComponent
        serverOverview={
                Object {
                        "clients": 0,
                        "ip": "x.x.x.x",
                        "publicKey": "",
                        "uptime": 0,
                      }
        }
/>,
      "_debugID": 1,
      "_hostContainerInfo": null,
      "_hostParent": null,
      "_instance": IPCComponent {
        "_reactInternalInstance": [Circular],
        "context": Object {},
        "props": Object {
          "serverOverview": Object {
            "clients": 0,
            "ip": "x.x.x.x",
            "publicKey": "",
            "uptime": 0,
          },
        },
        "refs": Object {},
        "state": Object {
          "serverOverview": null,
        },
        "updater": Object {
          "enqueueCallback": [Function],
          "enqueueCallbackInternal": [Function],
          "enqueueElementInternal": [Function],
          "enqueueForceUpdate": [Function],
          "enqueueReplaceState": [Function],
          "enqueueSetState": [Function],
          "isMounted": [Function],
          "validateCallback": [Function],
        },
      },
      "_mountOrder": 1,
      "_pendingCallbacks": null,
      "_pendingElement": null,
      "_pendingForceUpdate": false,
      "_pendingReplaceState": false,
      "_pendingStateQueue": null,
      "_renderedComponent": NoopInternalComponent {
        "_currentElement": <ServerPanel
          serverOverview={
                    Object {
                              "clients": 0,
                              "ip": "x.x.x.x",
                              "publicKey": "",
                              "uptime": 0,
                            }
          }
/>,
        "_debugID": 2,
        "_renderedOutput": <ServerPanel
          serverOverview={
                    Object {
                              "clients": 0,
                              "ip": "x.x.x.x",
                              "publicKey": "",
                              "uptime": 0,
                            }
          }
/>,
      },
      "_renderedNodeType": 1,
      "_rootNodeID": 0,
      "_topLevelWrapper": null,
      "_updateBatchNumber": null,
      "_warnedAboutRefsInRender": false,
    },
    "getRenderOutput": [Function],
    "render": [Function],
  },
  "root": [Circular],
  "unrendered": <IPCComponent
    serverOverview={
        Object {
            "clients": 0,
            "ip": "x.x.x.x",
            "publicKey": "",
            "uptime": 0,
          }
    }
/>,
}
`;
